[wisteria-clownfish-y7xn.squarespace.com/index.html]
[backblue.gif]
[fade.gif]
[index.html]
[wisteria-clownfish-y7xn.squarespace.com/cart.html]
[wisteria-clownfish-y7xn.squarespace.com/case-studies.html]
[wisteria-clownfish-y7xn.squarespace.com/tools-resources.html]
[wisteria-clownfish-y7xn.squarespace.com/inland-from-the-coast.html]
[wisteria-clownfish-y7xn.squarespace.com/lrap.html]
[wisteria-clownfish-y7xn.squarespace.com/lcri.html]
[wisteria-clownfish-y7xn.squarespace.com/about-resiliency.html]
[wisteria-clownfish-y7xn.squarespace.com/resiliency-team.html]
[wisteria-clownfish-y7xn.squarespace.com/contact.html]
[wisteria-clownfish-y7xn.squarespace.com/subscribe.d.delayed]
[wisteria-clownfish-y7xn.squarespace.com/index.html]
[wisteria-clownfish-y7xn.squarespace.com/cart.html]
[wisteria-clownfish-y7xn.squarespace.com/case-study-rogue-river.html]
[wisteria-clownfish-y7xn.squarespace.com/case-study-prince-george-county.html]
[wisteria-clownfish-y7xn.squarespace.com/case-study-sanibel-island.html]
[wisteria-clownfish-y7xn.squarespace.com/case-study-coastal-south-carolina.html]
[wisteria-clownfish-y7xn.squarespace.com/case-study-lone-star.html]
[wisteria-clownfish-y7xn.squarespace.com/case-study-southern-shores-nc.html]
[wisteria-clownfish-y7xn.squarespace.com/case-study-sanibel-fl.html]
[wisteria-clownfish-y7xn.squarespace.com/case-study-onkaparinga-australia.html]
[wisteria-clownfish-y7xn.squarespace.com/case-study-morpeth-england.html]
[wisteria-clownfish-y7xn.squarespace.com/case-study-maasbommel-netherlands.html]
[wisteria-clownfish-y7xn.squarespace.com/case-study-mecklenburg-county-nc.html]
[wisteria-clownfish-y7xn.squarespace.com/case-study-south-holland-il.html]
[wisteria-clownfish-y7xn.squarespace.com/case-study-warrington-england.html]
[wisteria-clownfish-y7xn.squarespace.com/case-study-santa-cruz-ca.html]
[wisteria-clownfish-y7xn.squarespace.com/case-study-san-mateo-ca.html]
[wisteria-clownfish-y7xn.squarespace.com/case-study-grand-forks-nd.html]
[wisteria-clownfish-y7xn.squarespace.com/case-study-boulder-co.html]
[wisteria-clownfish-y7xn.squarespace.com/case-study-rahway-nj.html]
[wisteria-clownfish-y7xn.squarespace.com/case-study-hammond-la.html]
[wisteria-clownfish-y7xn.squarespace.com/case-study-monroe-la.html]
[wisteria-clownfish-y7xn.squarespace.com/case-study-st-mary-parish.html]
[wisteria-clownfish-y7xn.squarespace.com/case-study-morgan-city-la.html]
[wisteria-clownfish-y7xn.squarespace.com/case-study-slidell-la.html]
[wisteria-clownfish-y7xn.squarespace.com/case-study-mandeville-la.html]
[wisteria-clownfish-y7xn.squarespace.com/case-study-central-la.html]
[wisteria-clownfish-y7xn.squarespace.com/case-study-lafourche-parish.html]
[wisteria-clownfish-y7xn.squarespace.com/case-study-livingston-la.html]
[wisteria-clownfish-y7xn.squarespace.com/case-study-walker-la.html]
[wisteria-clownfish-y7xn.squarespace.com/case-study-berkeley-ca.html]
[wisteria-clownfish-y7xn.squarespace.com/case-study-pike-road-al.html]
[wisteria-clownfish-y7xn.squarespace.com/case-study-hillsborough-fl.html]
[wisteria-clownfish-y7xn.squarespace.com/case-study-glenwillow-oh.html]
[wisteria-clownfish-y7xn.squarespace.com/case-study-western-kansas.html]
[wisteria-clownfish-y7xn.squarespace.com/case-study-genesee-county-mi.html]
[wisteria-clownfish-y7xn.squarespace.com/case-studies.html]
[wisteria-clownfish-y7xn.squarespace.com/tools-resources-social-vulnerability-index-mapping-dashboard.html]
[wisteria-clownfish-y7xn.squarespace.com/tools-resources-lsu-agcenter-flood-maps.html]
[wisteria-clownfish-y7xn.squarespace.com/tools-resources-coastal-resilience-decision-support-tool.html]
[wisteria-clownfish-y7xn.squarespace.com/tools-resources-the-nature-conservancy-climate-wizard.html]
[wisteria-clownfish-y7xn.squarespace.com/tools-resources-noaa-sea-level-rise-viewer.html]
[wisteria-clownfish-y7xn.squarespace.com/tools-resources-cpra-flood-risk-and-resilience-viewer.html]
[wisteria-clownfish-y7xn.squarespace.com/tools-resources-coastal-emergency-risk-assessment.html]
[wisteria-clownfish-y7xn.squarespace.com/tools-resources-americas-wetland-foundation.html]
[wisteria-clownfish-y7xn.squarespace.com/resource-americas-wetland-foundation-blue-ribbon-resilient-communities.html]
[wisteria-clownfish-y7xn.squarespace.com/resource-baton-rouge-area-foundation.html]
[wisteria-clownfish-y7xn.squarespace.com/resource-center-for-climate-strategies-adaptation-guidebook-comprehensive-climate-action.html]
[wisteria-clownfish-y7xn.squarespace.com/resource-center-for-natural-resource-economics-policy.html]
[wisteria-clownfish-y7xn.squarespace.com/resource-center-for-planning-excellence.html]
[wisteria-clownfish-y7xn.squarespace.com/resource-coastal-protection-and-restoration-authority.html]
[wisteria-clownfish-y7xn.squarespace.com/resource-economic-assessments-of-coastal-restoration-in-louisiana.html]
[wisteria-clownfish-y7xn.squarespace.com/resource-federal-emergency-management-agency.html]
[wisteria-clownfish-y7xn.squarespace.com/resource-global-green-usa.html]
[wisteria-clownfish-y7xn.squarespace.com/resource-greater-new-orleans-community-data-center.html]
[wisteria-clownfish-y7xn.squarespace.com/resource-greater-new-orleans-hurricane-and-storm-damage-risk-reduction-system.html]
[wisteria-clownfish-y7xn.squarespace.com/resource-gulf-of-mexico-alliance.html]
[wisteria-clownfish-y7xn.squarespace.com/resource-louisiana-community-education-outreach-program.html]
[wisteria-clownfish-y7xn.squarespace.com/resource-louisiana-department-of-environmental-quality.html]
[wisteria-clownfish-y7xn.squarespace.com/resource-louisiana-department-of-natural-resources.html]
[wisteria-clownfish-y7xn.squarespace.com/resource-louisiana-department-of-transportation-and-development.html]
[wisteria-clownfish-y7xn.squarespace.com/resource-louisiana-governors-office-of-homeland-security-emergency-preparedness.html]
[wisteria-clownfish-y7xn.squarespace.com/resource-louisianas-comprehensive-master-plan-for-a-sustainable-coast.html]
[wisteria-clownfish-y7xn.squarespace.com/resource-northshore-community-foundation.html]
[wisteria-clownfish-y7xn.squarespace.com/resource-university-of-new-orleans-center-for-hazard-assessment-response-and-technology.html]
[wisteria-clownfish-y7xn.squarespace.com/resource-us-army-corps-of-engineers-new-orleans-district.html]
[wisteria-clownfish-y7xn.squarespace.com/resource-us-department-of-housing-and-urban-development.html]
[wisteria-clownfish-y7xn.squarespace.com/resource-usda-rural-development.html]
[wisteria-clownfish-y7xn.squarespace.com/resource-usgs-national-wetlands-research-center.html]
[wisteria-clownfish-y7xn.squarespace.com/tools-resources.html]
[wisteria-clownfish-y7xn.squarespace.com/ifc-background.html]
[wisteria-clownfish-y7xn.squarespace.com/ifc-approach.html]
[wisteria-clownfish-y7xn.squarespace.com/ifc-community-partnerships.html]
[wisteria-clownfish-y7xn.squarespace.com/ifc-what-weve-learned.html]
[wisteria-clownfish-y7xn.squarespace.com/ifc-team.html]
[wisteria-clownfish-y7xn.squarespace.com/inland-from-the-coast.html]
[wisteria-clownfish-y7xn.squarespace.com/lrap.html]
[wisteria-clownfish-y7xn.squarespace.com/lcri.html]
[wisteria-clownfish-y7xn.squarespace.com/about-resiliency.html]
[wisteria-clownfish-y7xn.squarespace.com/resiliency-team.html]
[wisteria-clownfish-y7xn.squarespace.com/contact.html]
[wisteria-clownfish-y7xn.squarespace.com/subscribe.html]
[wisteria-clownfish-y7xn.squarespace.com/case-study-rogue-river.html]
[wisteria-clownfish-y7xn.squarespace.com/case-study-prince-george-county.html]
[wisteria-clownfish-y7xn.squarespace.com/case-study-sanibel-island.html]
[wisteria-clownfish-y7xn.squarespace.com/case-study-coastal-south-carolina.html]
[wisteria-clownfish-y7xn.squarespace.com/case-study-lone-star.html]
[wisteria-clownfish-y7xn.squarespace.com/case-study-southern-shores-nc.html]
[wisteria-clownfish-y7xn.squarespace.com/case-study-sanibel-fl.html]
[wisteria-clownfish-y7xn.squarespace.com/case-study-onkaparinga-australia.html]
[wisteria-clownfish-y7xn.squarespace.com/case-study-morpeth-england.html]
[wisteria-clownfish-y7xn.squarespace.com/case-study-maasbommel-netherlands.html]
[wisteria-clownfish-y7xn.squarespace.com/case-study-mecklenburg-county-nc.html]
[wisteria-clownfish-y7xn.squarespace.com/case-study-south-holland-il.html]
[wisteria-clownfish-y7xn.squarespace.com/case-study-warrington-england.html]
[wisteria-clownfish-y7xn.squarespace.com/case-study-santa-cruz-ca.html]
[wisteria-clownfish-y7xn.squarespace.com/case-study-san-mateo-ca.html]
[wisteria-clownfish-y7xn.squarespace.com/case-study-grand-forks-nd.html]
[wisteria-clownfish-y7xn.squarespace.com/case-study-boulder-co.html]
[wisteria-clownfish-y7xn.squarespace.com/case-study-tulsa-ok.html]
[wisteria-clownfish-y7xn.squarespace.com/case-study-rahway-nj.html]
[wisteria-clownfish-y7xn.squarespace.com/case-study-onion-creek-tx.html]
[wisteria-clownfish-y7xn.squarespace.com/case-study-new-richmond-oh.html]
[wisteria-clownfish-y7xn.squarespace.com/case-study-hammond-la.html]
[wisteria-clownfish-y7xn.squarespace.com/case-study-monroe-la.html]
[wisteria-clownfish-y7xn.squarespace.com/case-study-st-mary-parish.html]
[wisteria-clownfish-y7xn.squarespace.com/case-study-morgan-city-la.html]
[wisteria-clownfish-y7xn.squarespace.com/case-study-slidell-la.html]
[wisteria-clownfish-y7xn.squarespace.com/case-study-mandeville-la.html]
[wisteria-clownfish-y7xn.squarespace.com/case-study-central-la.html]
[wisteria-clownfish-y7xn.squarespace.com/case-study-lafourche-parish.html]
[wisteria-clownfish-y7xn.squarespace.com/case-study-livingston-la.html]
[wisteria-clownfish-y7xn.squarespace.com/case-study-walker-la.html]
[wisteria-clownfish-y7xn.squarespace.com/case-study-scott-la.html]
[wisteria-clownfish-y7xn.squarespace.com/case-study-kenner-la.html]
[wisteria-clownfish-y7xn.squarespace.com/case-study-berkeley-ca.html]
[wisteria-clownfish-y7xn.squarespace.com/case-study-pike-road-al.html]
[wisteria-clownfish-y7xn.squarespace.com/case-study-hillsborough-fl.html]
[wisteria-clownfish-y7xn.squarespace.com/case-study-glenwillow-oh.html]
[wisteria-clownfish-y7xn.squarespace.com/case-study-western-kansas.html]
[wisteria-clownfish-y7xn.squarespace.com/case-study-genesee-county-mi.html]
[wisteria-clownfish-y7xn.squarespace.com/tools-resources-social-vulnerability-index-mapping-dashboard.html]
[wisteria-clownfish-y7xn.squarespace.com/tools-resources-lsu-agcenter-flood-maps.html]
[wisteria-clownfish-y7xn.squarespace.com/tools-resources-coastal-resilience-decision-support-tool.html]
[wisteria-clownfish-y7xn.squarespace.com/tools-resources-the-nature-conservancy-climate-wizard.html]
[wisteria-clownfish-y7xn.squarespace.com/tools-resources-noaa-sea-level-rise-viewer.html]
[wisteria-clownfish-y7xn.squarespace.com/tools-resources-cpra-flood-risk-and-resilience-viewer.html]
[wisteria-clownfish-y7xn.squarespace.com/case-study-cleveland-oh.html]
[wisteria-clownfish-y7xn.squarespace.com/tools-resources-coastal-emergency-risk-assessment.html]
[wisteria-clownfish-y7xn.squarespace.com/tools-resources-americas-wetland-foundation.html]
[wisteria-clownfish-y7xn.squarespace.com/resource-americas-wetland-foundation-blue-ribbon-resilient-communities.html]
[wisteria-clownfish-y7xn.squarespace.com/resource-baton-rouge-area-foundation.html]
[wisteria-clownfish-y7xn.squarespace.com/resource-center-for-climate-strategies-adaptation-guidebook-comprehensive-climate-action.html]
[wisteria-clownfish-y7xn.squarespace.com/resource-center-for-natural-resource-economics-policy.html]
[wisteria-clownfish-y7xn.squarespace.com/resource-center-for-planning-excellence.html]
[wisteria-clownfish-y7xn.squarespace.com/resource-coastal-protection-and-restoration-authority.html]
[wisteria-clownfish-y7xn.squarespace.com/resource-economic-assessments-of-coastal-restoration-in-louisiana.html]
[wisteria-clownfish-y7xn.squarespace.com/resource-federal-emergency-management-agency.html]
[wisteria-clownfish-y7xn.squarespace.com/resource-global-green-usa.html]
[wisteria-clownfish-y7xn.squarespace.com/resource-greater-new-orleans-community-data-center.html]
[wisteria-clownfish-y7xn.squarespace.com/resource-greater-new-orleans-hurricane-and-storm-damage-risk-reduction-system.html]
[wisteria-clownfish-y7xn.squarespace.com/resource-gulf-of-mexico-alliance.html]
[wisteria-clownfish-y7xn.squarespace.com/resource-louisiana-community-education-outreach-program.html]
[wisteria-clownfish-y7xn.squarespace.com/resource-louisiana-department-of-environmental-quality.html]
[wisteria-clownfish-y7xn.squarespace.com/resource-louisiana-department-of-natural-resources.html]
[wisteria-clownfish-y7xn.squarespace.com/resource-louisiana-department-of-transportation-and-development.html]
[wisteria-clownfish-y7xn.squarespace.com/resource-louisiana-governors-office-of-homeland-security-emergency-preparedness.html]
[wisteria-clownfish-y7xn.squarespace.com/resource-louisianas-comprehensive-master-plan-for-a-sustainable-coast.html]
[wisteria-clownfish-y7xn.squarespace.com/resource-northshore-community-foundation.html]
[wisteria-clownfish-y7xn.squarespace.com/resource-university-of-new-orleans-center-for-hazard-assessment-response-and-technology.html]
[wisteria-clownfish-y7xn.squarespace.com/resource-us-army-corps-of-engineers-new-orleans-district.html]
[wisteria-clownfish-y7xn.squarespace.com/resource-us-department-of-housing-and-urban-development.html]
[wisteria-clownfish-y7xn.squarespace.com/resource-usda-rural-development.html]
[wisteria-clownfish-y7xn.squarespace.com/resource-usgs-national-wetlands-research-center.html]
[wisteria-clownfish-y7xn.squarespace.com/ifc-background.html]
[wisteria-clownfish-y7xn.squarespace.com/tools-resources-epas-climate-resilience-evaluation-and-awareness-tool.html]
[wisteria-clownfish-y7xn.squarespace.com/our-approach-hm.html]
[wisteria-clownfish-y7xn.squarespace.com/our-approach-hw.html]
[wisteria-clownfish-y7xn.squarespace.com/our-approach-dp.html]
[wisteria-clownfish-y7xn.squarespace.com/ifc-approach.html]
[wisteria-clownfish-y7xn.squarespace.com/plank-road-corridor.html]
[wisteria-clownfish-y7xn.squarespace.com/baker.html]
[wisteria-clownfish-y7xn.squarespace.com/denham-springs.html]
[wisteria-clownfish-y7xn.squarespace.com/ifc-community-partnerships.html]
[wisteria-clownfish-y7xn.squarespace.com/ifc-what-weve-learned.html]
[wisteria-clownfish-y7xn.squarespace.com/ifc-team.html]
[wisteria-clownfish-y7xn.squarespace.com/amite-river-watershed.html]
[wisteria-clownfish-y7xn.squarespace.com/case-study-king-county-wa.html]
[wisteria-clownfish-y7xn.squarespace.com/case-study-tulsa-ok.html]
[wisteria-clownfish-y7xn.squarespace.com/case-study-onion-creek-tx.html]
[wisteria-clownfish-y7xn.squarespace.com/case-study-nashville-tn.html]
[wisteria-clownfish-y7xn.squarespace.com/case-study-portland-or.html]
[wisteria-clownfish-y7xn.squarespace.com/case-study-new-richmond-oh.html]
[wisteria-clownfish-y7xn.squarespace.com/case-study-scott-la.html]
[wisteria-clownfish-y7xn.squarespace.com/case-study-east-feliciana-parish.html]
[wisteria-clownfish-y7xn.squarespace.com/case-study-lafayette-la.html]
[wisteria-clownfish-y7xn.squarespace.com/case-study-kenner-la.html]
[wisteria-clownfish-y7xn.squarespace.com/case-study-durham-nc.html]
[wisteria-clownfish-y7xn.squarespace.com/case-study-cleveland-oh.html]
[wisteria-clownfish-y7xn.squarespace.com/tools-resources-epas-climate-resilience-evaluation-and-awareness-tool.html]
[wisteria-clownfish-y7xn.squarespace.com/hm-watershed-riverine.html]
[wisteria-clownfish-y7xn.squarespace.com/hm-historical-conditions.html]
[wisteria-clownfish-y7xn.squarespace.com/hm-transition-zones.html]
[wisteria-clownfish-y7xn.squarespace.com/our-approach-hm.html]
[wisteria-clownfish-y7xn.squarespace.com/hw-wellbeing-index.html]
[wisteria-clownfish-y7xn.squarespace.com/hw-health-survey.html]
[wisteria-clownfish-y7xn.squarespace.com/hw-community-migration-trends.html]
[wisteria-clownfish-y7xn.squarespace.com/our-approach-hw.html]
[wisteria-clownfish-y7xn.squarespace.com/dp-community-design.html]
[wisteria-clownfish-y7xn.squarespace.com/dp-non-structural-policy.html]
[wisteria-clownfish-y7xn.squarespace.com/dp-community-tools.html]
[wisteria-clownfish-y7xn.squarespace.com/our-approach-dp.html]
[wisteria-clownfish-y7xn.squarespace.com/plank-road-corridor.html]
[wisteria-clownfish-y7xn.squarespace.com/plank-road.73.delayed]
[wisteria-clownfish-y7xn.squarespace.com/baker.html]
[wisteria-clownfish-y7xn.squarespace.com/denham-springs.html]
[wisteria-clownfish-y7xn.squarespace.com/amite-river-watershed.html]
[wisteria-clownfish-y7xn.squarespace.com/case-study-roseville-ca.html]
[wisteria-clownfish-y7xn.squarespace.com/case-study-king-county-wa.html]
[wisteria-clownfish-y7xn.squarespace.com/case-study-heritage-creek-ky.html]
[wisteria-clownfish-y7xn.squarespace.com/case-study-nashville-tn.html]
[wisteria-clownfish-y7xn.squarespace.com/case-study-kinston-nc.html]
[wisteria-clownfish-y7xn.squarespace.com/case-study-portland-or.html]
[wisteria-clownfish-y7xn.squarespace.com/case-study-east-feliciana-parish.html]
[wisteria-clownfish-y7xn.squarespace.com/case-study-jean-lafitte-la.html]
[wisteria-clownfish-y7xn.squarespace.com/case-study-pineville-la.html]
[wisteria-clownfish-y7xn.squarespace.com/case-study-lafayette-la.html]
[wisteria-clownfish-y7xn.squarespace.com/case-study-leland-mi.html]
[wisteria-clownfish-y7xn.squarespace.com/case-study-durham-nc.html]
[wisteria-clownfish-y7xn.squarespace.com/hm-watershed-riverine.html]
[wisteria-clownfish-y7xn.squarespace.com/hm-historical-conditions.html]
[wisteria-clownfish-y7xn.squarespace.com/hm-transition-zones.html]
[wisteria-clownfish-y7xn.squarespace.com/hw-wellbeing-index-composite.html]
[wisteria-clownfish-y7xn.squarespace.com/hw-wellbeing-index-community-economic-health.html]
[wisteria-clownfish-y7xn.squarespace.com/hw-wellbeing-index-public-health-safety.html]
[wisteria-clownfish-y7xn.squarespace.com/hw-wellbeing-index.html]
[wisteria-clownfish-y7xn.squarespace.com/hw-health-survey.html]
[wisteria-clownfish-y7xn.squarespace.com/hw-community-migration-trends.html]
[wisteria-clownfish-y7xn.squarespace.com/hw-wellbeing-index-built-natural-environments.html]
[wisteria-clownfish-y7xn.squarespace.com/dp-community-design-connected-communities.html]
[wisteria-clownfish-y7xn.squarespace.com/dp-community-design-active-living.html]
[wisteria-clownfish-y7xn.squarespace.com/dp-community-design.html]
[wisteria-clownfish-y7xn.squarespace.com/dp-community-design-living-with-water.html]
[wisteria-clownfish-y7xn.squarespace.com/dp-non-structural-policy.html]
[wisteria-clownfish-y7xn.squarespace.com/dp-community-tools.html]
[wisteria-clownfish-y7xn.squarespace.com/plank-road.html]
[wisteria-clownfish-y7xn.squarespace.com/case-study-miamidade-county-fl.html]
[wisteria-clownfish-y7xn.squarespace.com/case-study-roseville-ca.html]
[wisteria-clownfish-y7xn.squarespace.com/case-study-napa-county-ca.html]
[wisteria-clownfish-y7xn.squarespace.com/case-study-heritage-creek-ky.html]
[wisteria-clownfish-y7xn.squarespace.com/case-study-kinston-nc.html]
[wisteria-clownfish-y7xn.squarespace.com/case-study-jean-lafitte-la.html]
[wisteria-clownfish-y7xn.squarespace.com/case-study-breaux-bridge-la.html]
[wisteria-clownfish-y7xn.squarespace.com/case-study-pineville-la.html]
[wisteria-clownfish-y7xn.squarespace.com/case-study-southwest-la.html]
[wisteria-clownfish-y7xn.squarespace.com/case-study-leland-mi.html]
[wisteria-clownfish-y7xn.squarespace.com/hw-wellbeing-index-composite.html]
[wisteria-clownfish-y7xn.squarespace.com/hw-wellbeing-index-community-economic-health.html]
[wisteria-clownfish-y7xn.squarespace.com/hw-wellbeing-index-public-health-safety.html]
[wisteria-clownfish-y7xn.squarespace.com/case-study-lancaster-county-pa.html]
[wisteria-clownfish-y7xn.squarespace.com/wellbeing-index-community-economic-health.8c.delayed]
[wisteria-clownfish-y7xn.squarespace.com/hw-wellbeing-index-built-natural-environments.html]
[wisteria-clownfish-y7xn.squarespace.com/dp-community-design-connected-communities.html]
[wisteria-clownfish-y7xn.squarespace.com/dp-community-design-active-living.html]
[wisteria-clownfish-y7xn.squarespace.com/dp-community-design-living-with-water.html]
[wisteria-clownfish-y7xn.squarespace.com/case-study-miamidade-county-fl.html]
[wisteria-clownfish-y7xn.squarespace.com/case-study-napa-county-ca.html]
[wisteria-clownfish-y7xn.squarespace.com/case-study-alexandria-la.html]
[wisteria-clownfish-y7xn.squarespace.com/case-study-breaux-bridge-la.html]
[wisteria-clownfish-y7xn.squarespace.com/case-study-vermillion-parish.html]
[wisteria-clownfish-y7xn.squarespace.com/case-study-southwest-la.html]
[wisteria-clownfish-y7xn.squarespace.com/case-study-lancaster-county-pa.html]
[wisteria-clownfish-y7xn.squarespace.com/wellbeing-index-community-economic-health.html]
[wisteria-clownfish-y7xn.squarespace.com/case-study-church-point-la.html]
[wisteria-clownfish-y7xn.squarespace.com/case-study-alexandria-la.html]
[wisteria-clownfish-y7xn.squarespace.com/case-study-st-tammany-parish.html]
[wisteria-clownfish-y7xn.squarespace.com/case-study-vermillion-parish.html]
[wisteria-clownfish-y7xn.squarespace.com/case-study-church-point-la.html]
[wisteria-clownfish-y7xn.squarespace.com/case-study-terrebonne-parish.html]
[wisteria-clownfish-y7xn.squarespace.com/case-study-louisiana-wetland-action-program.html]
[wisteria-clownfish-y7xn.squarespace.com/case-study-st-tammany-parish.html]
[wisteria-clownfish-y7xn.squarespace.com/case-study-st-james-parish.html]
[wisteria-clownfish-y7xn.squarespace.com/case-study-terrebonne-parish.html]
[wisteria-clownfish-y7xn.squarespace.com/case-study-louisiana-wetland-action-program.html]
[wisteria-clownfish-y7xn.squarespace.com/case-study-st-bernard-parish.html]
[wisteria-clownfish-y7xn.squarespace.com/case-study-port-of-new-orleans.html]
[wisteria-clownfish-y7xn.squarespace.com/case-study-st-james-parish.html]
[wisteria-clownfish-y7xn.squarespace.com/case-study-st-john-the-baptist-parish.html]
[wisteria-clownfish-y7xn.squarespace.com/case-study-st-bernard-parish.html]
[wisteria-clownfish-y7xn.squarespace.com/case-study-greater-new-orleans-urban-water-plan.html]
[wisteria-clownfish-y7xn.squarespace.com/case-study-port-of-new-orleans.html]
[wisteria-clownfish-y7xn.squarespace.com/case-study-iberville-parish.html]
[wisteria-clownfish-y7xn.squarespace.com/case-study-st-john-the-baptist-parish.html]
[wisteria-clownfish-y7xn.squarespace.com/case-study-new-orleans-main-street-resiliency-plan.html]
[wisteria-clownfish-y7xn.squarespace.com/case-study-greater-new-orleans-urban-water-plan.html]
[wisteria-clownfish-y7xn.squarespace.com/case-study-iberville-parish.html]
[wisteria-clownfish-y7xn.squarespace.com/case-study-new-orleans-main-street-resiliency-plan.html]
